2000000000000
2000000000000
3000000000000
-1
-1
100000000000
2000000000000
